[2026-08-12 03:39:12] Bujairami: 0 back in stock, 1 new listing(s)
NEW LISTING:
  - Bujairami Drip No.7 (eau de parfum) (sold out)
    https://www.fragrancenet.com/fragrances/bujairami/bujairami-drip-no.7/eau-de-parfum
[2026-08-12 05:31:18] HEALTH: monitor quiet -- Scrape failed or returned no products (possible IP block or a change to the site). (fail #1)
[2026-08-12 09:11:03] HEALTH: monitor recovered (101 products)
[2026-08-12 10:13:59] HEALTH: monitor quiet -- Scrape failed or returned no products (possible IP block or a change to the site). (fail #1)
[2026-08-12 11:10:11] HEALTH: monitor recovered (101 products)
[2026-08-12 13:08:38] HEALTH: monitor quiet -- Scrape failed or returned no products (possible IP block or a change to the site). (fail #1)
[2026-08-12 14:59:02] HEALTH: monitor recovered (101 products)
[2026-08-12 14:59:02] Bujairami: 1 back in stock, 0 new listing(s)
BACK IN STOCK:
  - Bujairami Hectic (extrait de parfum)
    https://www.fragrancenet.com/cologne/bujairami/bujairami-hectic/extrait-de-parfum
[2026-08-12 20:17:18] HEALTH: monitor quiet -- Scrape failed or returned no products (possible IP block or a change to the site). (fail #1)
[2026-08-12 23:50:01] HEALTH: monitor recovered (101 products)
[2026-08-13 01:09:38] HEALTH: monitor quiet -- Scrape failed or returned no products (possible IP block or a change to the site). (fail #1)
[2026-08-13 04:32:33] HEALTH: monitor recovered (101 products)
[2026-08-13 05:29:05] HEALTH: monitor quiet -- Scrape failed or returned no products (possible IP block or a change to the site). (fail #1)
[2026-08-13 10:14:02] HEALTH: monitor recovered (101 products)
[2026-08-13 10:14:02] Bujairami: 3 back in stock, 0 new listing(s)
BACK IN STOCK:
  - Bujairami Hectic (extrait de parfum)
    https://www.fragrancenet.com/cologne/bujairami/bujairami-hectic/extrait-de-parfum
  - Bujairami Sweet Escape (extrait de parfum)
    https://www.fragrancenet.com/cologne/bujairami/bujairami-sweet-escape/extrait-de-parfum
  - Bujairami Wicked (eau de parfum)
    https://www.fragrancenet.com/cologne/bujairami/bujairami-wicked/eau-de-parfum
[2026-08-13 11:10:26] HEALTH: monitor quiet -- Scrape failed or returned no products (possible IP block or a change to the site). (fail #1)
[2026-08-13 12:27:30] HEALTH: monitor recovered (101 products)
[2026-08-13 16:32:19] HEALTH: monitor quiet -- Scrape failed or returned no products (possible IP block or a change to the site). (fail #1)
[2026-08-13 20:14:20] HEALTH: monitor recovered (101 products)
[2026-08-13 23:42:19] HEALTH: monitor quiet -- Scrape failed or returned no products (possible IP block or a change to the site). (fail #1)
[2026-08-14 03:29:24] HEALTH: monitor recovered (101 products)
[2026-08-14 05:05:23] HEALTH: monitor quiet -- Scrape failed or returned no products (possible IP block or a change to the site). (fail #1)
[2026-08-14 07:39:19] HEALTH: monitor recovered (101 products)
